f:\texturestreamerfix\texturestreamer\x64\release\texturestreamer.pch
f:\texturestreamerfix\texturestreamer\x64\release\vc145.pdb
f:\texturestreamerfix\texturestreamer\x64\release\pch.obj
f:\texturestreamerfix\texturestreamer\x64\release\texturestreamerhooks.obj
f:\texturestreamerfix\texturestreamer\x64\release\swapchainvram.obj
f:\texturestreamerfix\texturestreamer\x64\release\stallmonitor.obj
f:\texturestreamerfix\texturestreamer\x64\release\settings.obj
f:\texturestreamerfix\texturestreamer\x64\release\pluginexport.obj
f:\texturestreamerfix\texturestreamer\x64\release\patternscan.obj
f:\texturestreamerfix\texturestreamer\x64\release\featuremodule.obj
f:\texturestreamerfix\texturestreamer\x64\release\debugconsole.obj
f:\texturestreamerfix\texturestreamer\x64\release\codepatch.obj
f:\texturestreamerfix\texturestreamer\x64\release\builtinmodules.obj
f:\texturestreamerfix\texturestreamer\x64\release\addressset.obj
f:\texturestreamerfix\texturestreamer\x64\release\log.obj
f:\texturestreamerfix\texturestreamer\x64\release\dllmain.obj
f:\texturestreamerfix\texturestreamer\x64\release\hde64.obj
f:\texturestreamerfix\texturestreamer\x64\release\trampoline.obj
f:\texturestreamerfix\texturestreamer\x64\release\hook.obj
f:\texturestreamerfix\texturestreamer\x64\release\buffer.obj
f:\texturestreamerfix\x64\release\texturestreamer.dll
f:\texturestreamerfix\x64\release\texturestreamer.pdb
f:\texturestreamerfix\x64\release\texturestreamer.lib
f:\texturestreamerfix\x64\release\texturestreamer.exp
f:\texturestreamerfix\texturestreamer\x64\release\texturestreamer.ipdb
f:\texturestreamerfix\texturestreamer\x64\release\texturestreamer.iobj
f:\texturestreamerfix\texturestreamer\x64\release\texturestreamer.tlog\cl.command.1.tlog
f:\texturestreamerfix\texturestreamer\x64\release\texturestreamer.tlog\cl.items.tlog
f:\texturestreamerfix\texturestreamer\x64\release\texturestreamer.tlog\cl.read.1.tlog
f:\texturestreamerfix\texturestreamer\x64\release\texturestreamer.tlog\cl.write.1.tlog
f:\texturestreamerfix\texturestreamer\x64\release\texturestreamer.tlog\link.command.1.tlog
f:\texturestreamerfix\texturestreamer\x64\release\texturestreamer.tlog\link.read.1.tlog
f:\texturestreamerfix\texturestreamer\x64\release\texturestreamer.tlog\link.secondary.1.tlog
f:\texturestreamerfix\texturestreamer\x64\release\texturestreamer.tlog\link.write.1.tlog
